// Jest Snapshot v1, https://goo.gl/fbAQLP

exports[`<Main /> should render the heading 1`] = `
.c0 {
  background-color: #06092b;
  color: #fff;
  width: 100%;
  height: 100%;
  text-align: center;
  -webkit-box-pack: center;
  -webkit-justify-content: center;
  -ms-flex-pack: center;
  justify-content: center;
  padding: 3rem;
  display: -webkit-box;
  display: -webkit-flex;
  display: -ms-flexbox;
  display: flex;
  -webkit-flex-direction: column;
  -ms-flex-direction: column;
  flex-direction: column;
  -webkit-align-items: center;
  -webkit-box-align: center;
  -ms-flex-align: center;
  align-items: center;
}

.c1 {
  width: 100%;
  max-width: 150px;
  margin: 0 0 20px;
}

.c2 {
  font-size: 2.5rem;
}

.c3 {
  font-size: 2rem;
  font-weight: 400;
}

<main
  class="c0"
>
  <img
    alt="React"
    class="c1"
    src="/img/react.png"
  />
  <h1
    class="c2"
  >
    Boilerplate
  </h1>
  <h2
    class="c3"
  >
    Typescript, ReactJS, NextJS and Styled Components
  </h2>
</main>
`;
